go : # github.com/snpl
mntn/relaxation-hub-se
rver/internal/service 
[github.com/snplmntn/r
elaxation-hub-server/i
nternal/service.test]
At line:1 char:1
+ go test -c 
./internal/service/ 
2>&1 | Out-File 
-Encoding utf8 
error_u ...
+ ~~~~~~~~~~~~~~~~~~~~
~~~~~~~~~~~~~~~
    + CategoryInfo    
          : NotSpeci  
  fied: (# github.c   
 om/sn...l/service    
.test]:String) []    
, RemoteException
    + FullyQualifiedE 
   rrorId : NativeCo  
  mmandError
 
internal\service\booki
ng_service_accept_test
.go:282:27: cannot 
use mock (variable of 
type 
*mockPaymentRepo) as r
epository.PaymentRepos
itory value in 
argument to 
NewPaymentService: 
*mockPaymentRepo does 
not implement reposito
ry.PaymentRepository 
(missing method 
ClearProof)
internal\service\compl
etion_worker_test.go:1
67:58: not enough 
arguments in call to 
NewCompletionWorker
	have (nil, 
*mockBookingRepoCW, 
*mockPaymentRepoCW, 
*mockServiceRepoCW, 
nil)
	want ("github.com/snp
lmntn/relaxation-hub-s
erver/internal/db".DBT
X, repository.BookingR
epository, repository.
PaymentRepository, rep
ository.ServiceReposit
ory, repository.Ledger
Repository, 
*NotificationService)
