go : # github.com/snpl
mntn/relaxation-hub-se
rver/internal/handler
At line:1 char:1
+ go test -v 
./tests/integration/ 
-run TestIntegration_P
aymentProof_Upl ...
+ ~~~~~~~~~~~~~~~~~~~~
~~~~~~~~~~~~~~~~~~~~~~
~~~~~~~~~~~~~~~~~~~~~~
~~~~~
    + CategoryInfo    
          : NotSpeci  
  fied: (# github.c   
 om/sn...nternal/h    
andler:String) []    
, RemoteException
    + FullyQualifiedE 
   rrorId : NativeCo  
  mmandError
 
internal\handler\user.
go:383:33: invalid 
operation: currentUser
.ProfilePhoto != nil 
(mismatched types 
string and untyped 
nil)
internal\handler\user.
go:383:41: invalid 
operation: cannot 
indirect currentUser.P
rofilePhoto (variable 
of type string)
internal\handler\user.
go:384:34: invalid 
operation: cannot 
indirect currentUser.P
rofilePhoto (variable 
of type string)
FAIL	github.com/snplmntn/relaxation-hub-server/tests/integration [build failed]
FAIL
